[{"Title":"Diabetes - type 1 (Topic)","TypeAheadType":"title","Link":"/topics/diabetes-type-1/"},{"Title":"diabetes","TypeAheadType":"keyword","Link":"/search/?q=diabetes"}]