["diab",["Diabetes - type 1","diabetes"],["Diabetes - type 1","diabetes"],["/topics/diabetes-type-1/","/search/?q=diabetes"]]